<html>
<body>
<pre>
<h1>�Vision Build Log</h1>
<h2>Tool Versions:</h2>
IDE-Version: �Vision V5.33.0.0
Copyright (C) 2020 ARM Ltd and ARM Germany GmbH. All rights reserved.
License Information: Vsevolod Doronin, aa, LIC=W1E4T-RU4K7-F9FYZ-XST6F-X9RMT-7MG3X
 
Tool Versions:
Toolchain:       MDK-ARM Cortex-M0/M0+ for ST  Version: 5.33.0.0
Toolchain Path:  C:\Keil_v5\ARM\ARMCLANG\Bin
C Compiler:      ArmClang.exe V6.15
Assembler:       Armasm.exe V6.15
Linker/Locator:  ArmLink.exe V6.15
Library Manager: ArmAr.exe V6.15
Hex Converter:   FromElf.exe V6.15
CPU DLL:         SARMCM3.DLL V5.33.0.0
Dialog DLL:      DARMCM1.DLL V1.19.4.0
Target DLL:      UL2CM3.DLL V1.163.9.0
Dialog DLL:      TARMCM1.DLL V1.14.3.0
 
<h2>Project:</h2>
C:\Users\vsevo\arch\LabHard(Doronin-1192)-3\Task3_2\dvm3_2.uvprojx
Project File Date:  06/02/2021

<h2>Output:</h2>
*** Using Compiler 'V6.15', folder: 'C:\Keil_v5\ARM\ARMCLANG\Bin'
Build target 'Target 1'
main.c(169): warning: implicit conversion changes signedness: 'int32_t' (aka 'int') to 'uint32_t' (aka 'unsigned int') [-Wsign-conversion]
        return x;                                                                                                                                                                                                                                                                                                                                                                                                                                               /*                      возвращается число.                                                                                                                                                                                                                                                                                                                                                                                                                                                                                                                                    
        ~~~~~~ ^
main.c(173): warning: implicit conversion changes signedness: 'int32_t' (aka 'int') to 'unsigned int' [-Wsign-conversion]
        return pov( x * x, n /2)*x;                                                                                                                                                                                                                                                                                                                                                                     /*                       производится рекурсия, во входных параметрах число умноженное само на себя и половина степени. Результат умножается на число                                                                                                                                                                                                                                                                                                                                                 */
                                ~^
2 warnings generated.
compiling main.c...
linking...
Program Size: Code=1616 RO-data=224 RW-data=164 ZI-data=1916  
FromELF: creating hex file...
".\Objects\dvm3_2.axf" - 0 Error(s), 2 Warning(s).

<h2>Software Packages used:</h2>

Package Vendor: ARM
                http://www.keil.com/pack/ARM.CMSIS.5.7.0.pack
                ARM.CMSIS.5.7.0
                CMSIS (Cortex Microcontroller Software Interface Standard)
   * Component: CORE Version: 5.4.0

Package Vendor: Keil
                http://www.keil.com/pack/Keil.STM32F0xx_DFP.2.1.0.pack
                Keil.STM32F0xx_DFP.2.1.0
                STMicroelectronics STM32F0 Series Device Support, Drivers and Examples
   * Component: Startup Version: 1.0.0

<h2>Collection of Component include folders:</h2>
  .\RTE\_Target_1
  C:\Users\vsevo\AppData\Local\Arm\Packs\ARM\CMSIS\5.7.0\CMSIS\Core\Include
  C:\Users\vsevo\AppData\Local\Arm\Packs\Keil\STM32F0xx_DFP\2.1.0\Drivers\CMSIS\Device\ST\STM32F0xx\Include

<h2>Collection of Component Files used:</h2>

   * Component: ARM::CMSIS:CORE:5.4.0

   * Component: Keil.Standalone::Device:Startup:1.0.0
      Include file:  Drivers\CMSIS\Device\ST\STM32F0xx\Include\stm32f0xx.h
      Source file:   MDK\Device\Source\ARM\STM32F0xx_OPT.s
      Source file:   Drivers\CMSIS\Device\ST\STM32F0xx\Source\Templates\arm\startup_stm32f072xb.s
      Source file:   Drivers\CMSIS\Device\ST\STM32F0xx\Source\Templates\system_stm32f0xx.c
Build Time Elapsed:  00:00:01
</pre>
</body>
</html>
